
Checking http://www.education.gov.yk.ca/pdf/pdf-test.pdf ... OK
