
Checking http://php.net/manual/en/index.php ... OK
