ERROR: Expected URL as last argument. Use '-h' for help.
