
Checking file:///home/MTA/ealeblanc/asmts/ass4/tests/blah.html ... OK
