
Checking http://qemg.mta.ca/~andrew/comp2931/simplepages/lower/missing.html ... **BROKEN**
