
Checking http://qemg.mta.ca/~andrew/comp2931/simplepages/pageA.html ... OK
