
Checking http://itishardtofindaninvaliddomain.com ... **BROKEN**
