seven
Child (<0>) exited -- success (Status: 0)

------------------------------------
Welcome to the Assignment Shell!
At any time, you can call "help" to read the documentation.

	>>> 	>>> 	>>> 	>>> 
