
------------------------------------
Welcome to the Assignment Shell!
At any time, you can call "help" to read the documentation.

	>>> 	>>> 	>>> 
